Last login: Tue Sep 20 15:17:34 on ttys000
bryonycmclaughlin ~
$ cd code/wdi/
bryonycmclaughlin ~/code/wdi
$ ls
cli-practice/  homework/  lectures/
bryonycmclaughlin ~/code/wdi
$ git clone git@github.com:ga-students/wdi-atx-8.git
Cloning into 'wdi-atx-8'...
remote: Counting objects: 52, done.
remote: Compressing objects: 100% (38/38), done.
remote: Total 52 (delta 19), reused 30 (delta 7), pack-reused 0
Receiving objects: 100% (52/52), 11.46 KiB | 0 bytes/s, done.
Resolving deltas: 100% (19/19), done.
bryonycmclaughlin ~/code/wdi
$ ls
cli-practice/  homework/  lectures/  wdi-atx-8/
bryonycmclaughlin ~/code/wdi
$ cd wdi-atx-8/w01/d02/afternoon
bryonycmclaughlin ~/code/wdi/wdi-atx-8/w01/d02/afternoon on master
$ cd student
bryonycmclaughlin ~/code/wdi/wdi-atx-8/w01/d02/afternoon/student on master
$ cd fake-lecture
bryonycmclaughlin ~/code/wdi/wdi-atx-8/w01/d02/afternoon/student/fake-lecture on master
$ pwd
/Users/bryonycmclaughlin/code/wdi/wdi-atx-8/w01/d02/afternoon/student/fake-lecture
bryonycmclaughlin ~/code/wdi/wdi-atx-8/w01/d02/afternoon/student/fake-lecture on master
$ atom .
bryonycmclaughlin ~/code/wdi/wdi-atx-8/w01/d02/afternoon/student/fake-lecture on master
$ atom .
bryonycmclaughlin ~/code/wdi/wdi-atx-8/w01/d02/afternoon/student/fake-lecture on master
$ git branch
* master
bryonycmclaughlin ~/code/wdi/wdi-atx-8/w01/d02/afternoon/student/fake-lecture on master
$ git branch lecture02
bryonycmclaughlin ~/code/wdi/wdi-atx-8/w01/d02/afternoon/student/fake-lecture on master
$ rm lecture02
grm: cannot remove 'lecture02': No such file or directory
bryonycmclaughlin ~/code/wdi/wdi-atx-8/w01/d02/afternoon/student/fake-lecture on master
$ 
bryonycmclaughlin ~/code/wdi/wdi-atx-8/w01/d02/afternoon/student/fake-lecture on master
$ ln -s /Applications/Atom.app/Contents/Resources/app/atom.sh /usr/local/bin/atom
ln: /usr/local/bin/atom: File exists
bryonycmclaughlin ~/code/wdi/wdi-atx-8/w01/d02/afternoon/student/fake-lecture on master[!]
$ atom .
bryonycmclaughlin ~/code/wdi/wdi-atx-8/w01/d02/afternoon/student/fake-lecture on master[!]
$ git commit -am"finished lecture on html"
[master 3f31492] finished lecture on html
 1 file changed, 10 insertions(+)
bryonycmclaughlin ~/code/wdi/wdi-atx-8/w01/d02/afternoon/student/fake-lecture on master
$ git branch
  lecture02
* master
bryonycmclaughlin ~/code/wdi/wdi-atx-8/w01/d02/afternoon/student/fake-lecture on master
$ git checkout -b foobar
Switched to a new branch 'foobar'
bryonycmclaughlin ~/code/wdi/wdi-atx-8/w01/d02/afternoon/student/fake-lecture on foobar
$ cd ../../..
bryonycmclaughlin ~/code/wdi/wdi-atx-8/w01/d02 on foobar
$ cd ..
bryonycmclaughlin ~/code/wdi/wdi-atx-8/w01 on foobar
$ cd ../..
bryonycmclaughlin ~/code/wdi
$ cd wdi-atx-8
bryonycmclaughlin ~/code/wdi/wdi-atx-8 on foobar
$ git pull
There is no tracking information for the current branch.
Please specify which branch you want to merge with.
See git-pull(1) for details.

    git pull <remote> <branch>

If you wish to set tracking information for this branch you can do so with:

    git branch --set-upstream-to=origin/<branch> foobar

bryonycmclaughlin ~/code/wdi/wdi-atx-8 on foobar
$ 
